Configuration on demand is an incubating feature.
> Task :buildSrc:checkKotlinGradlePluginConfigurationErrors
> Task :buildSrc:pluginDescriptors
> Task :buildSrc:processResources NO-SOURCE
> Task :buildSrc:compileKotlin
> Task :buildSrc:compileJava NO-SOURCE
> Task :buildSrc:compileGroovy NO-SOURCE
> Task :buildSrc:classes UP-TO-DATE

> Task :buildSrc:jar
:jar: No valid plugin descriptors were found in META-INF/gradle-plugins

> Configure project :fabric-1.21.10
Fabric Loom: 1.7.4

> Task :fabric-1.21.10:compileJava
gradlew.bat : C:\Users\Sails\Documents\Workspace\NormalWorkspace\Coding\Minecraft\OpenLumin\fabric-1.21.10\src\main\jav
a\com\mojang\blaze3d\platform\AddressMode.java:16: 错误: 找不到符号
所在位置 行:5 字符: 1
+ & ".\gradlew.bat" ":fabric-1.21.10:compileJava" "--rerun-tasks" 2>&1  ...
+ ~~~~~~~~~~~~~~~~~~~~~~~~~~~~~~~~~~~~~~~~~~~~~~~~~~~~~~~~~~~~~~~~~~~~
    + CategoryInfo          : NotSpecified: (C:\Users\Sails\...a:16: 错误: 找不到符号:String) [], RemoteException
    + FullyQualifiedErrorId : NativeCommandError
 
            case MIRRORED_REPEAT -> com.mojang.blaze3d.textures.AddressMode.MIRRORED_REPEAT;
                                                                           ^
  符号:   变量 MIRRORED_REPEAT
  位置: 类 AddressMode
C:\Users\Sails\Documents\Workspace\NormalWorkspace\Coding\Minecraft\OpenLumin\fabric-1.21.10\src\main\java\io\github\op
enlumin\immediate\LuminImmediateRenderer.java:293: 错误: 找不到符号
                            var texView = textureObject.getColorTextureView();
                                                       ^
  符号:   方法 getColorTextureView()
  位置: 类型为AbstractTexture的变量 textureObject
C:\Users\Sails\Documents\Workspace\NormalWorkspace\Coding\Minecraft\OpenLumin\fabric-1.21.10\src\main\java\io\github\op
enlumin\renderers\TextureRenderer.java:260: 错误: 找不到符号
                GpuTextureView view = abstractTexture.getColorTextureView();
                                                     ^
  符号:   方法 getColorTextureView()
  位置: 类型为AbstractTexture的变量 abstractTexture
C:\Users\Sails\Documents\Workspace\NormalWorkspace\Coding\Minecraft\OpenLumin\fabric-1.21.10\src\main\java\io\github\op
enlumin\shaders\BlurShader.java:80: 错误: DEBUG_FILLED_SNIPPET 在 RenderPipelines 中是 private 访问控制
            this.boxPipeline = RenderPipeline.builder(RenderPipelines.DEBUG_FILLED_SNIPPET)
                                                                     ^
C:\Users\Sails\Documents\Workspace\NormalWorkspace\Coding\Minecraft\OpenLumin\fabric-1.21.10\src\main\java\io\github\op
enlumin\shaders\BlurShader.java:213: 错误: GpuBuffer是抽象的; 无法实例化
        GpuBuffer vertices = new GpuBuffer(() -> "BlurShader vertices", GpuBuffer.USAGE_VERTEX, 
mesh.vertexBuffer().remaining());
                             ^
C:\Users\Sails\Documents\Workspace\NormalWorkspace\Coding\Minecraft\OpenLumin\fabric-1.21.10\src\main\java\io\github\op
enlumin\text\minecraft\EpsilonFontGlyph.java:29: 错误: EpsilonFontGlyph不是抽象的, 
并且未覆盖BakedGlyph中的抽象方法createGlyph(float,float,int,int,Style,float,float)
public final class EpsilonFontGlyph implements BakedGlyph {
             ^
C:\Users\Sails\Documents\Workspace\NormalWorkspace\Coding\Minecraft\OpenLumin\fabric-1.21.10\src\main\java\io\github\op
enlumin\text\minecraft\EpsilonFontGlyph.java:66: 错误: EpsilonFontGlyph中的createGlyph(float,float,int,int,Style,float,floa
t)无法实现BakedGlyph中的createGlyph(float,float,int,int,Style,float,float)
    public @Nullable Object createGlyph(float x, float y, int color, int shadowColor, Style style, float boldOffset, 
float shadowOffset) {
                            ^
  返回类型@org.jspecify.annotations.Nullable Object与TextRenderable不兼容
C:\Users\Sails\Documents\Workspace\NormalWorkspace\Coding\Minecraft\OpenLumin\fabric-1.21.10\src\main\java\io\github\op
enlumin\text\minecraft\EpsilonFontGlyph.java:223: 错误: 方法不会覆盖或实现超类型的方法
        @Override
        ^
C:\Users\Sails\Documents\Workspace\NormalWorkspace\Coding\Minecraft\OpenLumin\fabric-1.21.10\src\main\java\io\github\op
enlumin\text\ttf\TtfTextRenderer.java:394: 错误: 找不到符号
            pass.bindTexture("Sampler0", atlas.getTexture().getTextureView(), atlas.getTexture().getSampler());
                                                                                                ^
  符号:   方法 getSampler()
  位置: 类 LuminTexture
C:\Users\Sails\Documents\Workspace\NormalWorkspace\Coding\Minecraft\OpenLumin\common\src\main\java\io\github\openlumin\
LuminRenderPipelines.java:14: 错误: MATRICES_PROJECTION_SNIPPET 在 RenderPipelines 中是 private 访问控制
    private final static RenderPipeline.Snippet NO_BLEND_DEPTH_SNIPPET = 
RenderPipeline.builder(RenderPipelines.MATRICES_PROJECTION_SNIPPET)
                                                                                                               ^
C:\Users\Sails\Documents\Workspace\NormalWorkspace\Coding\Minecraft\OpenLumin\common\src\main\java\io\github\openlumin\
LuminRenderPipelines.java:15: 错误: 找不到符号
            .withColorTargetState(new ColorTargetState(BlendFunction.TRANSLUCENT))
            ^
  符号:   方法 withColorTargetState(ColorTargetState)
  位置: 类 Builder
C:\Users\Sails\Documents\Workspace\NormalWorkspace\Coding\Minecraft\OpenLumin\common\src\main\java\io\github\openlumin\
schedulers\render3d\Render3DScheduler.java:29: 错误: DEBUG_FILLED_SNIPPET 在 RenderPipelines 中是 private 访问控制
    private static final RenderPipeline FILLED_BOX_PIPELINE = 
RenderPipeline.builder(RenderPipelines.DEBUG_FILLED_SNIPPET)
                                                                                                    ^
C:\Users\Sails\Documents\Workspace\NormalWorkspace\Coding\Minecraft\OpenLumin\common\src\main\java\io\github\openlumin\
schedulers\render3d\Render3DScheduler.java:31: 错误: 找不到符号
            .withDepthStencilState(new DepthStencilState(CompareOp.ALWAYS_PASS, false))
            ^
  符号:   方法 withDepthStencilState(DepthStencilState)
  位置: 类 Builder
C:\Users\Sails\Documents\Workspace\NormalWorkspace\Coding\Minecraft\OpenLumin\common\src\main\java\io\github\openlumin\
schedulers\render3d\Render3DScheduler.java:35: 错误: LINES_SNIPPET 在 RenderPipelines 中是 private 访问控制
    private static final RenderPipeline LINES_PIPELINE = RenderPipeline.builder(RenderPipelines.LINES_SNIPPET)
                                                                                               ^
C:\Users\Sails\Documents\Workspace\NormalWorkspace\Coding\Minecraft\OpenLumin\common\src\main\java\io\github\openlumin\
schedulers\render3d\Render3DScheduler.java:37: 错误: 找不到符号
            .withDepthStencilState(new DepthStencilState(CompareOp.ALWAYS_PASS, false))
            ^
  符号:   方法 withDepthStencilState(DepthStencilState)
  位置: 类 Builder
C:\Users\Sails\Documents\Workspace\NormalWorkspace\Coding\Minecraft\OpenLumin\common\src\main\java\io\github\openlumin\
text\SystemEmojiAtlas.java:141: 错误: 找不到符号
                GpuTexture gpuTexture = device.createTexture(
                ^
  符号:   类 GpuTexture
  位置: 类 SystemEmojiAtlas
C:\Users\Sails\Documents\Workspace\NormalWorkspace\Coding\Minecraft\OpenLumin\common\src\main\java\io\github\openlumin\
text\SystemEmojiAtlas.java:143: 错误: 找不到符号
                        GpuTexture.USAGE_COPY_DST | GpuTexture.USAGE_TEXTURE_BINDING,
                        ^
  符号:   变量 GpuTexture
  位置: 类 SystemEmojiAtlas
C:\Users\Sails\Documents\Workspace\NormalWorkspace\Coding\Minecraft\OpenLumin\common\src\main\java\io\github\openlumin\
text\SystemEmojiAtlas.java:143: 错误: 找不到符号
                        GpuTexture.USAGE_COPY_DST | GpuTexture.USAGE_TEXTURE_BINDING,
                                                    ^
  符号:   变量 GpuTexture
  位置: 类 SystemEmojiAtlas
C:\Users\Sails\Documents\Workspace\NormalWorkspace\Coding\Minecraft\OpenLumin\common\src\main\java\io\github\openlumin\
text\SystemEmojiAtlas.java:150: 错误: 找不到符号
                GpuTextureView view = device.createTextureView(gpuTexture);
                ^
  符号:   类 GpuTextureView
  位置: 类 SystemEmojiAtlas
C:\Users\Sails\Documents\Workspace\NormalWorkspace\Coding\Minecraft\OpenLumin\common\src\main\java\io\github\openlumin\
text\SystemEmojiAtlas.java:151: 错误: 找不到符号
                GpuSampler sampler = RenderSystemExtensions.getDevice().createSampler(
                                                                       ^
  符号:   方法 createSampler(AddressMode,AddressMode,FilterMode,FilterMode,int,OptionalDouble)
  位置: 接口 GpuDevice
20 个错误

> Task :fabric-1.21.10:compileJava FAILED

FAILURE: Build failed with an exception.

* What went wrong:
Execution failed for task ':fabric-1.21.10:compileJava'.
> Compilation failed; see the compiler error output for details.

* Try:
> Run with --info option to get more log output.
> Run with --scan to get full insights.

BUILD FAILED in 7s
5 actionable tasks: 5 executed
